pdflatex : pdflatex: security risk: running with elevated privileges
No linha:1 caractere:88
+ ... FC\artigo"; pdflatex -interaction=nonstopmode artigo_cora_eval_comple ...
+                 ~~~~~~~~~~~~~~~~~~~~~~~~~~~~~~~~~~~~~~~~~~~~~~~~~~~~~~~~~
    + CategoryInfo          : NotSpecified: (pdflatex: secur...ated privileges:String) [], RemoteException
    + FullyQualifiedErrorId : NativeCommandError
 
This is pdfTeX, Version 3.141592653-2.6-1.40.28 (MiKTeX 25.12) (preloaded format=pdflatex.fmt)
 restricted \write18 enabled.
entering extended mode
(artigo_cora_eval_completo.tex
LaTeX2e <2025-11-01>
L3 programming layer <2025-12-24>
(C:\Users\marce\AppData\Local\Programs\MiKTeX\tex/latex/base\article.cls
Document Class: article 2025/01/22 v1.4n Standard LaTeX document class
(C:\Users\marce\AppData\Local\Programs\MiKTeX\tex/latex/base\size12.clo))
(C:\Users\marce\AppData\Local\Programs\MiKTeX\tex/latex/base\inputenc.sty)
(C:\Users\marce\AppData\Local\Programs\MiKTeX\tex/latex/base\fontenc.sty)
(C:\Users\marce\AppData\Local\Programs\MiKTeX\tex/generic/babel\babel.sty
(C:\Users\marce\AppData\Local\Programs\MiKTeX\tex/generic/babel\txtbabel.def)
*************************************
* Local config file bblopts.cfg used
*
(C:\Users\marce\AppData\Local\Programs\MiKTeX\tex/latex/arabi\bblopts.cfg)
(C:\Users\marce\AppData\Local\Programs\MiKTeX\tex/generic/babel/locale/pt\babel
-brazilian.tex)
(C:\Users\marce\AppData\Local\Programs\MiKTeX\tex/latex/babel-portuges\brazilia
n.ldf))
(C:\Users\marce\AppData\Local\Programs\MiKTeX\tex/latex/amsmath\amsmath.sty
For additional information on amsmath, use the `?' option.
(C:\Users\marce\AppData\Local\Programs\MiKTeX\tex/latex/amsmath\amstext.sty
(C:\Users\marce\AppData\Local\Programs\MiKTeX\tex/latex/amsmath\amsgen.sty))
(C:\Users\marce\AppData\Local\Programs\MiKTeX\tex/latex/amsmath\amsbsy.sty)
(C:\Users\marce\AppData\Local\Programs\MiKTeX\tex/latex/amsmath\amsopn.sty))
(C:\Users\marce\AppData\Local\Programs\MiKTeX\tex/latex/amsfonts\amssymb.sty
(C:\Users\marce\AppData\Local\Programs\MiKTeX\tex/latex/amsfonts\amsfonts.sty))
 (C:\Users\marce\AppData\Local\Programs\MiKTeX\tex/latex/graphics\graphicx.sty
(C:\Users\marce\AppData\Local\Programs\MiKTeX\tex/latex/graphics\keyval.sty)
(C:\Users\marce\AppData\Local\Programs\MiKTeX\tex/latex/graphics\graphics.sty
(C:\Users\marce\AppData\Local\Programs\MiKTeX\tex/latex/graphics\trig.sty)
(C:\Users\marce\AppData\Local\Programs\MiKTeX\tex/latex/graphics-cfg\graphics.c
fg)
(C:\Users\marce\AppData\Local\Programs\MiKTeX\tex/latex/graphics-def\pdftex.def
)))
(C:\Users\marce\AppData\Local\Programs\MiKTeX\tex/latex/hyperref\hyperref.sty
(C:\Users\marce\AppData\Local\Programs\MiKTeX\tex/generic/iftex\iftex.sty)
(C:\Users\marce\AppData\Local\Programs\MiKTeX\tex/latex/kvsetkeys\kvsetkeys.sty
)
(C:\Users\marce\AppData\Local\Programs\MiKTeX\tex/generic/kvdefinekeys\kvdefine
keys.sty)
(C:\Users\marce\AppData\Local\Programs\MiKTeX\tex/generic/pdfescape\pdfescape.s
ty
(C:\Users\marce\AppData\Local\Programs\MiKTeX\tex/generic/ltxcmds\ltxcmds.sty)
(C:\Users\marce\AppData\Local\Programs\MiKTeX\tex/generic/pdftexcmds\pdftexcmds
.sty
(C:\Users\marce\AppData\Local\Programs\MiKTeX\tex/generic/infwarerr\infwarerr.s
ty)))
(C:\Users\marce\AppData\Local\Programs\MiKTeX\tex/latex/hycolor\hycolor.sty)
(C:\Users\marce\AppData\Local\Programs\MiKTeX\tex/latex/hyperref\nameref.sty
(C:\Users\marce\AppData\Local\Programs\MiKTeX\tex/latex/refcount\refcount.sty)
(C:\Users\marce\AppData\Local\Programs\MiKTeX\tex/generic/gettitlestring\gettit
lestring.sty
(C:\Users\marce\AppData\Local\Programs\MiKTeX\tex/latex/kvoptions\kvoptions.sty
)))
(C:\Users\marce\AppData\Local\Programs\MiKTeX\tex/latex/etoolbox\etoolbox.sty)
(C:\Users\marce\AppData\Local\Programs\MiKTeX\tex/generic/stringenc\stringenc.s
ty) (C:\Users\marce\AppData\Local\Programs\MiKTeX\tex/latex/hyperref\pd1enc.def
) (C:\Users\marce\AppData\Local\Programs\MiKTeX\tex/generic/intcalc\intcalc.sty
) (C:\Users\marce\AppData\Local\Programs\MiKTeX\tex/latex/hyperref\puenc.def)
(C:\Users\marce\AppData\Local\Programs\MiKTeX\tex/latex/url\url.sty)
(C:\Users\marce\AppData\Local\Programs\MiKTeX\tex/generic/bitset\bitset.sty
(C:\Users\marce\AppData\Local\Programs\MiKTeX\tex/generic/bigintcalc\bigintcalc
.sty)))
(C:\Users\marce\AppData\Local\Programs\MiKTeX\tex/latex/hyperref\hpdftex.def
(C:\Users\marce\AppData\Local\Programs\MiKTeX\tex/latex/rerunfilecheck\rerunfil
echeck.sty
(C:\Users\marce\AppData\Local\Programs\MiKTeX\tex/generic/uniquecounter\uniquec
ounter.sty)))
(C:\Users\marce\AppData\Local\Programs\MiKTeX\tex/latex/booktabs\booktabs.sty)
(C:\Users\marce\AppData\Local\Programs\MiKTeX\tex/latex/tools\longtable.sty)
(C:\Users\marce\AppData\Local\Programs\MiKTeX\tex/latex/tools\tabularx.sty
(C:\Users\marce\AppData\Local\Programs\MiKTeX\tex/latex/tools\array.sty))
(C:\Program Files\MiKTeX\tex/latex/multirow\multirow.sty)
(C:\Program Files\MiKTeX\tex/latex/caption\caption.sty
(C:\Program Files\MiKTeX\tex/latex/caption\caption3.sty)
(C:\Program Files\MiKTeX\tex/latex/caption\ltcaption.sty))
(C:\Program Files\MiKTeX\tex/latex/caption\subcaption.sty)
